[themesdesign.in/landsay/layout/index-1.html]
[backblue.gif]
[fade.gif]
[index.html]
[themesdesign.in/landsay/layout/images/favicon.ico]
[themesdesign.in/landsay/layout/css/bootstrap.min.css]
[themesdesign.in/landsay/layout/css/materialdesignicons.min.css]
[themesdesign.in/landsay/layout/css/swiper-bundle.min.css]
[themesdesign.in/landsay/layout/css/style.min.css]
[themesdesign.in/landsay/layout/css/colors/default.css]
[themesdesign.in/landsay/layout/images/logo-dark.png]
[themesdesign.in/landsay/layout/blog-list.html]
[themesdesign.in/landsay/layout/blog-details.html]
[themesdesign.in/landsay/layout/images/home/home1.png]
[themesdesign.in/landsay/layout/images/work-1.png]
[themesdesign.in/landsay/layout/images/work-2.png]
[themesdesign.in/landsay/layout/images/work-3.png]
[themesdesign.in/landsay/layout/images/bg-cta01.jpg]
[themesdesign.in/landsay/layout/images/bg.jpg]
[themesdesign.in/landsay/layout/images/users/img1.jpg]
[themesdesign.in/landsay/layout/images/users/img2.jpg]
[themesdesign.in/landsay/layout/images/users/img4.jpg]
[themesdesign.in/landsay/layout/images/clients/01.png]
[themesdesign.in/landsay/layout/images/clients/02.png]
[themesdesign.in/landsay/layout/images/clients/03.png]
[themesdesign.in/landsay/layout/images/clients/04.png]
[themesdesign.in/landsay/layout/images/clients/05.png]
[themesdesign.in/landsay/layout/images/features.png]
[themesdesign.in/landsay/layout/images/users/img5.jpg]
[themesdesign.in/landsay/layout/images/users/img6.jpg]
[themesdesign.in/landsay/layout/images/users/img7.jpg]
[themesdesign.in/landsay/layout/images/users/img8.jpg]
[themesdesign.in/landsay/layout/images/bg-cta02.jpg]
[themesdesign.in/landsay/layout/images/blog/blog-01.jpg]
[themesdesign.in/landsay/layout/images/blog/blog-02.jpg]
[themesdesign.in/landsay/layout/images/blog/blog-03.jpg]
[themesdesign.in/landsay/layout/images/subscribe.png]
[themesdesign.in/landsay/layout/js/bootstrap.bundle.min.js]
[themesdesign.in/landsay/layout/js/swiper-bundle.min.js]
[themesdesign.in/landsay/layout/js/contact.js]
[themesdesign.in/landsay/layout/js/index.init.js]
[themesdesign.in/landsay/layout/js/app.js]
[themesdesign.in/landsay/layout/index-1.html]
[themesdesign.in/landsay/layout/css/bootstrap.min.css]
[themesdesign.in/landsay/layout/fonts/materialdesignicons-webfont3e71.eot]
[themesdesign.in/landsay/layout/fonts/materialdesignicons-webfontd41d.eot]
[themesdesign.in/landsay/layout/fonts/materialdesignicons-webfont3e71.woff]
[themesdesign.in/landsay/layout/fonts/materialdesignicons-webfont3e71.ttf]
[themesdesign.in/landsay/layout/css/materialdesignicons.min.css]
[themesdesign.in/landsay/layout/css/swiper-bundle.min.css]
[themesdesign.in/landsay/layout/images/blog/bg-blog.jpg]
[themesdesign.in/landsay/layout/images/bg-auth.png]
[themesdesign.in/landsay/layout/css/style.min.css]
[themesdesign.in/landsay/layout/css/colors/default.css]
[themesdesign.in/landsay/layout/images/blog/blog-04.jpg]
[themesdesign.in/landsay/layout/images/blog/blog-05.jpg]
[themesdesign.in/landsay/layout/images/blog/blog-06.jpg]
[themesdesign.in/landsay/layout/blog-list.html]
[themesdesign.in/landsay/layout/blog-details.html]
[themesdesign.in/landsay/layout/fonts/materialdesignicons-webfont3e71.html]
