[themesbrand.com/steex/layouts/auth-signin.html]
[backblue.gif]
[fade.gif]
[index.html]
[themesbrand.com/steex/layouts/assets/images/favicon.ico]
[themesbrand.com/steex/layouts/assets/js/layout.js]
[themesbrand.com/steex/layouts/assets/css/bootstrap.min.css]
[themesbrand.com/steex/layouts/assets/css/icons.min.css]
[themesbrand.com/steex/layouts/assets/css/app.min.css]
[themesbrand.com/steex/layouts/assets/images/users/avatar-1.jpg]
[themesbrand.com/steex/layouts/assets/images/users/avatar-2.jpg]
[themesbrand.com/steex/layouts/assets/images/users/avatar-3.jpg]
[themesbrand.com/steex/layouts/assets/images/users/avatar-4.jpg]
[themesbrand.com/steex/layouts/assets/images/users/avatar-5.jpg]
[themesbrand.com/steex/layouts/auth-pass-reset.html]
[themesbrand.com/steex/layouts/auth-signup.html]
[themesbrand.com/steex/layouts/assets/libs/bootstrap/js/bootstrap.bundle.min.js]
[themesbrand.com/steex/layouts/assets/libs/simplebar/simplebar.min.js]
[themesbrand.com/steex/layouts/assets/js/plugins.js]
[themesbrand.com/steex/layouts/assets/js/pages/password-addon.init.js]
[themesbrand.com/steex/layouts/assets/libs/swiper/swiper-bundle.min.js]
[themesbrand.com/steex/layouts/assets/js/pages/swiper.init.js]
[themesbrand.com/steex/layouts/auth-signin.html]
[themesbrand.com/steex/layouts/assets/css/bootstrap.min.css]
[themesbrand.com/steex/layouts/assets/fonts/materialdesignicons-webfont1d2d.eot]
[themesbrand.com/steex/layouts/assets/fonts/materialdesignicons-webfontd41d.eot]
[themesbrand.com/steex/layouts/assets/fonts/materialdesignicons-webfont1d2d.woff]
[themesbrand.com/steex/layouts/assets/fonts/materialdesignicons-webfont1d2d.ttf]
[themesbrand.com/steex/layouts/assets/fonts/boxicons.eot]
[themesbrand.com/steex/layouts/assets/fonts/boxicons.woff]
[themesbrand.com/steex/layouts/assets/fonts/boxicons.ttf]
[themesbrand.com/steex/layouts/assets/fonts/remixicondf6d.eot]
[themesbrand.com/steex/layouts/assets/fonts/remixicondf6d.woff]
[themesbrand.com/steex/layouts/assets/fonts/remixicondf6d.ttf]
[themesbrand.com/steex/layouts/assets/fonts/bootstrap-iconsbf04.woff]
[themesbrand.com/steex/layouts/assets/fonts/Phosphor.eot]
[themesbrand.com/steex/layouts/assets/fonts/Phosphor.woff]
[themesbrand.com/steex/layouts/assets/fonts/Phosphor.ttf]
[themesbrand.com/steex/layouts/assets/css/icons.min.css]
[themesbrand.com/steex/layouts/assets/images/sidebar/img-1.jpg]
[themesbrand.com/steex/layouts/assets/images/sidebar/img-2.jpg]
[themesbrand.com/steex/layouts/assets/images/sidebar/img-3.jpg]
[themesbrand.com/steex/layouts/assets/images/sidebar/img-4.jpg]
[themesbrand.com/steex/layouts/assets/images/effect-pattern/pattern.png]
[themesbrand.com/steex/layouts/assets/css/app.min.css]
[themesbrand.com/steex/layouts/assets/css/custom.min.css]
[themesbrand.com/steex/layouts/assets/images/auth/email.png]
[themesbrand.com/steex/layouts/auth-pass-reset.html]
[themesbrand.com/steex/layouts/pages-term-conditions.html]
[themesbrand.com/steex/layouts/assets/js/pages/passowrd-create.init.js]
[themesbrand.com/steex/layouts/auth-signup.html]
[themesbrand.com/steex/layouts/assets/fonts/boxicons.html]
[themesbrand.com/steex/layouts/assets/fonts/boxiconsd41d.svg]
[themesbrand.com/steex/layouts/assets/fonts/remixicondf6d.html]
[themesbrand.com/steex/layouts/assets/fonts/remixicondf6d.svg]
[themesbrand.com/steex/layouts/assets/fonts/bootstrap-iconsbf04.html]
[themesbrand.com/steex/layouts/assets/fonts/Phosphor.html]
[themesbrand.com/steex/layouts/assets/fonts/Phosphord41d.svg]
[themesbrand.com/steex/layouts/assets/images/modal-bg.html]
[themesbrand.com/steex/layouts/assets/images/flags/us.svg]
[themesbrand.com/steex/layouts/index.html]
[themesbrand.com/steex/layouts/assets/images/logo-sm.png]
[themesbrand.com/steex/layouts/assets/images/logo-dark.png]
[themesbrand.com/steex/layouts/assets/images/logo-light.png]
[themesbrand.com/steex/layouts/dashboard-analytics.html]
[themesbrand.com/steex/layouts/dashboard-crm.html]
[themesbrand.com/steex/layouts/dashboard-learning.html]
[themesbrand.com/steex/layouts/dashboard-real-estate.html]
[themesbrand.com/steex/layouts/layouts-horizontal.html]
[themesbrand.com/steex/layouts/layouts-detached.html]
[themesbrand.com/steex/layouts/layouts-two-column.html]
[themesbrand.com/steex/layouts/layouts-vertical-hovered.html]
[themesbrand.com/steex/layouts/apps-calendar.html]
[themesbrand.com/steex/layouts/apps-chat.html]
[themesbrand.com/steex/layouts/apps-email.html]
[themesbrand.com/steex/layouts/apps-ecommerce-products.html]
[themesbrand.com/steex/layouts/apps-ecommerce-products-grid.html]
[themesbrand.com/steex/layouts/apps-ecommerce-product-details.html]
[themesbrand.com/steex/layouts/apps-ecommerce-add-product.html]
[themesbrand.com/steex/layouts/apps-ecommerce-orders.html]
[themesbrand.com/steex/layouts/apps-ecommerce-order-overview.html]
[themesbrand.com/steex/layouts/apps-ecommerce-customers.html]
[themesbrand.com/steex/layouts/apps-ecommerce-cart.html]
[themesbrand.com/steex/layouts/apps-ecommerce-checkout.html]
[themesbrand.com/steex/layouts/apps-ecommerce-sellers.html]
[themesbrand.com/steex/layouts/apps-ecommerce-seller-overview.html]
[themesbrand.com/steex/layouts/apps-file-manager.html]
[themesbrand.com/steex/layouts/apps-learning-list.html]
[themesbrand.com/steex/layouts/apps-learning-grid.html]
[themesbrand.com/steex/layouts/apps-learning-category.html]
[themesbrand.com/steex/layouts/apps-learning-overview.html]
[themesbrand.com/steex/layouts/apps-learning-create.html]
[themesbrand.com/steex/layouts/apps-student-subscriptions.html]
[themesbrand.com/steex/layouts/apps-student-courses.html]
[themesbrand.com/steex/layouts/apps-instructors-list.html]
[themesbrand.com/steex/layouts/apps-instructors-grid.html]
[themesbrand.com/steex/layouts/apps-instructors-overview.html]
[themesbrand.com/steex/layouts/apps-instructors-create.html]
[themesbrand.com/steex/layouts/apps-invoices-list.html]
[themesbrand.com/steex/layouts/apps-invoices-overview.html]
[themesbrand.com/steex/layouts/apps-invoices-create.html]
[themesbrand.com/steex/layouts/apps-tickets-list.html]
[themesbrand.com/steex/layouts/apps-tickets-overview.html]
[themesbrand.com/steex/layouts/apps-real-estate-grid.html]
[themesbrand.com/steex/layouts/apps-real-estate-list.html]
[themesbrand.com/steex/layouts/apps-real-estate-map.html]
[themesbrand.com/steex/layouts/apps-real-estate-property-overview.html]
[themesbrand.com/steex/layouts/apps-real-estate-agent-list.html]
[themesbrand.com/steex/layouts/apps-real-estate-agent-grid.html]
[themesbrand.com/steex/layouts/apps-real-estate-agent-overview.html]
[themesbrand.com/steex/layouts/apps-real-estate-agencies-list.html]
[themesbrand.com/steex/layouts/apps-real-estate-agencies-overview.html]
[themesbrand.com/steex/layouts/apps-real-estate-add-properties.html]
[themesbrand.com/steex/layouts/apps-real-estate-earnings.html]
[themesbrand.com/steex/layouts/auth-pass-change.html]
[themesbrand.com/steex/layouts/auth-lockscreen.html]
[themesbrand.com/steex/layouts/auth-logout.html]
[themesbrand.com/steex/layouts/auth-success-msg.html]
[themesbrand.com/steex/layouts/auth-twostep.html]
[themesbrand.com/steex/layouts/auth-404.html]
[themesbrand.com/steex/layouts/auth-500.html]
[themesbrand.com/steex/layouts/auth-503.html]
[themesbrand.com/steex/layouts/auth-offline.html]
[themesbrand.com/steex/layouts/pages-starter.html]
[themesbrand.com/steex/layouts/pages-profile.html]
[themesbrand.com/steex/layouts/pages-profile-settings.html]
[themesbrand.com/steex/layouts/pages-contacts.html]
[themesbrand.com/steex/layouts/pages-timeline.html]
[themesbrand.com/steex/layouts/pages-faqs.html]
[themesbrand.com/steex/layouts/pages-pricing.html]
[themesbrand.com/steex/layouts/pages-maintenance.html]
[themesbrand.com/steex/layouts/pages-coming-soon.html]
[themesbrand.com/steex/layouts/pages-privacy-policy.html]
[themesbrand.com/steex/layouts/ui-alerts.html]
[themesbrand.com/steex/layouts/ui-badges.html]
[themesbrand.com/steex/layouts/ui-buttons.html]
[themesbrand.com/steex/layouts/ui-colors.html]
[themesbrand.com/steex/layouts/ui-cards.html]
[themesbrand.com/steex/layouts/ui-carousel.html]
[themesbrand.com/steex/layouts/ui-dropdowns.html]
[themesbrand.com/steex/layouts/ui-grid.html]
[themesbrand.com/steex/layouts/ui-images.html]
[themesbrand.com/steex/layouts/ui-tabs.html]
[themesbrand.com/steex/layouts/ui-accordions.html]
[themesbrand.com/steex/layouts/ui-modals.html]
[themesbrand.com/steex/layouts/ui-offcanvas.html]
[themesbrand.com/steex/layouts/ui-placeholders.html]
[themesbrand.com/steex/layouts/ui-progress.html]
[themesbrand.com/steex/layouts/ui-notifications.html]
[themesbrand.com/steex/layouts/ui-media.html]
[themesbrand.com/steex/layouts/ui-embed-video.html]
[themesbrand.com/steex/layouts/ui-typography.html]
[themesbrand.com/steex/layouts/ui-lists.html]
[themesbrand.com/steex/layouts/ui-links.html]
[themesbrand.com/steex/layouts/ui-general.html]
[themesbrand.com/steex/layouts/ui-utilities.html]
[themesbrand.com/steex/layouts/advance-ui-sweetalerts.html]
[themesbrand.com/steex/layouts/advance-ui-nestable.html]
[themesbrand.com/steex/layouts/advance-ui-scrollbar.html]
[themesbrand.com/steex/layouts/advance-ui-swiper.html]
[themesbrand.com/steex/layouts/advance-ui-ratings.html]
[themesbrand.com/steex/layouts/advance-ui-highlight.html]
[themesbrand.com/steex/layouts/advance-ui-scrollspy.html]
[themesbrand.com/steex/layouts/ui-ribbons.html]
[themesbrand.com/steex/layouts/ui-profile.html]
[themesbrand.com/steex/layouts/ui-counter.html]
[themesbrand.com/steex/layouts/widgets.html]
[themesbrand.com/steex/layouts/forms-elements.html]
[themesbrand.com/steex/layouts/forms-select.html]
[themesbrand.com/steex/layouts/forms-checkboxs-radios.html]
[themesbrand.com/steex/layouts/forms-pickers.html]
[themesbrand.com/steex/layouts/forms-masks.html]
[themesbrand.com/steex/layouts/forms-advanced.html]
[themesbrand.com/steex/layouts/forms-range-sliders.html]
[themesbrand.com/steex/layouts/forms-validation.html]
[themesbrand.com/steex/layouts/forms-wizard.html]
[themesbrand.com/steex/layouts/forms-editors.html]
[themesbrand.com/steex/layouts/forms-file-uploads.html]
[themesbrand.com/steex/layouts/forms-layouts.html]
[themesbrand.com/steex/layouts/tables-basic.html]
[themesbrand.com/steex/layouts/tables-gridjs.html]
[themesbrand.com/steex/layouts/tables-listjs.html]
[themesbrand.com/steex/layouts/tables-datatables.html]
[themesbrand.com/steex/layouts/charts-apex-line.html]
[themesbrand.com/steex/layouts/charts-apex-area.html]
[themesbrand.com/steex/layouts/charts-apex-column.html]
[themesbrand.com/steex/layouts/charts-apex-bar.html]
[themesbrand.com/steex/layouts/charts-apex-mixed.html]
[themesbrand.com/steex/layouts/charts-apex-timeline.html]
[themesbrand.com/steex/layouts/charts-apex-range-area.html]
[themesbrand.com/steex/layouts/charts-apex-funnel.html]
[themesbrand.com/steex/layouts/charts-apex-candlestick.html]
[themesbrand.com/steex/layouts/charts-apex-boxplot.html]
[themesbrand.com/steex/layouts/charts-apex-bubble.html]
[themesbrand.com/steex/layouts/charts-apex-scatter.html]
[themesbrand.com/steex/layouts/charts-apex-heatmap.html]
[themesbrand.com/steex/layouts/charts-apex-treemap.html]
[themesbrand.com/steex/layouts/charts-apex-pie.html]
[themesbrand.com/steex/layouts/charts-apex-radialbar.html]
[themesbrand.com/steex/layouts/charts-apex-radar.html]
[themesbrand.com/steex/layouts/charts-apex-polar.html]
[themesbrand.com/steex/layouts/icons-remix.html]
[themesbrand.com/steex/layouts/icons-boxicons.html]
[themesbrand.com/steex/layouts/icons-materialdesign.html]
[themesbrand.com/steex/layouts/icons-bootstrap.html]
[themesbrand.com/steex/layouts/icons-phosphor.html]
[themesbrand.com/steex/layouts/maps-google.html]
[themesbrand.com/steex/layouts/maps-vector.html]
[themesbrand.com/steex/layouts/maps-leaflet.html]
[themesbrand.com/steex/layouts/assets/images/brands/github.png]
[themesbrand.com/steex/layouts/assets/images/brands/bitbucket.png]
[themesbrand.com/steex/layouts/assets/images/brands/dribbble.png]
[themesbrand.com/steex/layouts/assets/images/brands/dropbox.png]
[themesbrand.com/steex/layouts/assets/images/brands/mail_chimp.png]
[themesbrand.com/steex/layouts/assets/images/brands/slack.png]
[themesbrand.com/steex/layouts/assets/images/products/32/img-1.png]
[themesbrand.com/steex/layouts/assets/images/products/32/img-5.png]
[themesbrand.com/steex/layouts/assets/images/products/32/img-10.png]
[themesbrand.com/steex/layouts/assets/images/products/32/img-11.png]
[themesbrand.com/steex/layouts/assets/images/products/32/img-8.png]
[themesbrand.com/steex/layouts/assets/images/users/32/avatar-2.jpg]
[themesbrand.com/steex/layouts/assets/images/users/32/avatar-8.jpg]
[themesbrand.com/steex/layouts/assets/images/users/32/avatar-1.jpg]
[themesbrand.com/steex/layouts/assets/images/custom-theme/light-mode.png]
[themesbrand.com/steex/layouts/assets/images/custom-theme/material.png]
[themesbrand.com/steex/layouts/assets/images/custom-theme/creative.png]
[themesbrand.com/steex/layouts/assets/images/custom-theme/minimal.png]
[themesbrand.com/steex/layouts/assets/images/custom-theme/modern.png]
[themesbrand.com/steex/layouts/assets/images/custom-theme/interaction.png]
[themesbrand.com/steex/layouts/assets/images/custom-theme/dark-mode.png]
[themesbrand.com/steex/layouts/assets/images/custom-theme/brand-mode.png]
[themesbrand.com/steex/layouts/assets/images/sidebar/img-sm-1.jpg]
[themesbrand.com/steex/layouts/assets/images/sidebar/img-sm-2.jpg]
[themesbrand.com/steex/layouts/assets/images/sidebar/img-sm-3.jpg]
[themesbrand.com/steex/layouts/assets/images/sidebar/img-sm-4.jpg]
[themesbrand.com/steex/layouts/pages-term-conditions.html]
[themesbrand.com/steex/layouts/assets/fonts/materialdesignicons-webfont1d2d.woff2]
[themesbrand.com/steex/layouts/assets/js/app.js]
[themesbrand.com/steex/layouts/assets/libs/jsvectormap/css/jsvectormap.min.css]
[themesbrand.com/steex/layouts/assets/libs/swiper/swiper-bundle.min.css]
[themesbrand.com/steex/layouts/assets/images/users/48/avatar-2.jpg]
[themesbrand.com/steex/layouts/assets/images/users/48/avatar-7.jpg]
[themesbrand.com/steex/layouts/assets/images/users/48/avatar-4.jpg]
[themesbrand.com/steex/layouts/assets/images/users/48/avatar-5.jpg]
[themesbrand.com/steex/layouts/assets/images/users/48/avatar-6.jpg]
[themesbrand.com/steex/layouts/assets/images/users/48/avatar-1.jpg]
[themesbrand.com/steex/layouts/assets/images/users/48/avatar-8.jpg]
[themesbrand.com/steex/layouts/assets/images/companies/img-7.png]
[themesbrand.com/steex/layouts/assets/images/companies/img-1.png]
[themesbrand.com/steex/layouts/assets/images/companies/img-2.png]
[themesbrand.com/steex/layouts/assets/images/companies/img-3.png]
[themesbrand.com/steex/layouts/assets/images/companies/img-4.png]
[themesbrand.com/steex/layouts/assets/images/companies/img-5.png]
[themesbrand.com/steex/layouts/assets/images/products/32/img-2.png]
[themesbrand.com/steex/layouts/assets/images/products/32/img-3.png]
[themesbrand.com/steex/layouts/assets/images/products/32/img-4.png]
[themesbrand.com/steex/layouts/assets/images/products/32/img-6.png]
[themesbrand.com/steex/layouts/assets/images/products/img-3.png]
[themesbrand.com/steex/layouts/assets/libs/jsvectormap/js/jsvectormap.min.js]
[themesbrand.com/steex/layouts/assets/libs/apexcharts/apexcharts.min.js]
[themesbrand.com/steex/layouts/assets/libs/jsvectormap/maps/world-merc.js]
[themesbrand.com/steex/layouts/assets/libs/list.js/list.min.js]
[themesbrand.com/steex/layouts/index.html]
[themesbrand.com/steex/layouts/assets/js/pages/dashboard-ecommerce.init.js]
[themesbrand.com/steex/layouts/assets/images/brands/chrome.png]
[themesbrand.com/steex/layouts/assets/images/brands/firefox.png]
[themesbrand.com/steex/layouts/assets/images/brands/safari.png]
[themesbrand.com/steex/layouts/assets/images/brands/opera.png]
[themesbrand.com/steex/layouts/assets/images/brands/microsoft.png]
[themesbrand.com/steex/layouts/assets/images/brands/microsoft2.png]
[themesbrand.com/steex/layouts/assets/images/brands/chromium.png]
[themesbrand.com/steex/layouts/dashboard-analytics.html]
[themesbrand.com/steex/layouts/assets/js/pages/dashboard-analytics.init.js]
[themesbrand.com/steex/layouts/assets/images/users/avatar-6.jpg]
[themesbrand.com/steex/layouts/assets/images/users/avatar-7.jpg]
[themesbrand.com/steex/layouts/assets/libs/echarts/echarts.min.js]
[themesbrand.com/steex/layouts/assets/images/users/avatar-8.jpg]
[themesbrand.com/steex/layouts/assets/images/users/avatar-9.jpg]
[themesbrand.com/steex/layouts/assets/images/users/48/avatar-10.jpg]
[themesbrand.com/steex/layouts/assets/images/users/48/avatar-9.jpg]
[themesbrand.com/steex/layouts/assets/libs/list.pagination.js/list.pagination.min.js]
[themesbrand.com/steex/layouts/dashboard-crm.html]
[themesbrand.com/steex/layouts/assets/js/pages/dashboard-crm.init.js]
[themesbrand.com/steex/layouts/assets/images/learning/shopify.png]
[themesbrand.com/steex/layouts/assets/images/learning/webpack.png]
[themesbrand.com/steex/layouts/assets/images/learning/laravel.png]
[themesbrand.com/steex/layouts/assets/images/learning/react.png]
[themesbrand.com/steex/layouts/assets/images/learning/sketch.png]
[themesbrand.com/steex/layouts/assets/images/learning/tailwindcss.png]
[themesbrand.com/steex/layouts/dashboard-learning.html]
[themesbrand.com/steex/layouts/assets/js/pages/dashboard-learning.init.js]
[themesbrand.com/steex/layouts/assets/libs/dropzone/dropzone.css]
[themesbrand.com/steex/layouts/assets/images/real-estate/img-01.jpg]
[themesbrand.com/steex/layouts/assets/images/real-estate/img-02.jpg]
[themesbrand.com/steex/layouts/assets/images/real-estate/img-03.jpg]
[themesbrand.com/steex/layouts/assets/images/real-estate/img-04.jpg]
[themesbrand.com/steex/layouts/assets/images/real-estate/img-05.jpg]
[themesbrand.com/steex/layouts/assets/images/real-estate/img-06.jpg]
[themesbrand.com/steex/layouts/assets/images/users/48/avatar-3.jpg]
[themesbrand.com/steex/layouts/assets/images/real-estate/img-08.jpg]
[themesbrand.com/steex/layouts/assets/images/real-estate/img-07.jpg]
[themesbrand.com/steex/layouts/assets/images/users/32/avatar-3.jpg]
[themesbrand.com/steex/layouts/assets/images/users/32/avatar-5.jpg]
[themesbrand.com/steex/layouts/dashboard-real-estate.html]
[themesbrand.com/steex/layouts/assets/js/pages/dashboard-real-estate.init.js]
[themesbrand.com/steex/layouts/assets/images/products/img-1.png]
[themesbrand.com/steex/layouts/assets/images/products/img-2.png]
[themesbrand.com/steex/layouts/assets/images/products/img-4.png]
[themesbrand.com/steex/layouts/assets/images/products/img-5.png]
[themesbrand.com/steex/layouts/assets/images/products/img-6.png]
[themesbrand.com/steex/layouts/layouts-horizontal.html]
[themesbrand.com/steex/layouts/layouts-detached.html]
[themesbrand.com/steex/layouts/layouts-two-column.html]
[themesbrand.com/steex/layouts/assets/images/users/32/avatar-6.jpg]
[themesbrand.com/steex/layouts/assets/images/users/32/avatar-7.jpg]
[themesbrand.com/steex/layouts/assets/images/users/32/avatar-9.jpg]
[themesbrand.com/steex/layouts/layouts-vertical-hovered.html]
[themesbrand.com/steex/layouts/assets/images/calendar.png]
[themesbrand.com/steex/layouts/assets/js/pages/calendar.init.js]
[themesbrand.com/steex/layouts/apps-calendar.html]
[themesbrand.com/steex/layouts/assets/libs/fullcalendar/index.global.min.js]
[themesbrand.com/steex/layouts/assets/images/chat-user.jpg]
[themesbrand.com/steex/layouts/assets/images/users/avatar-10.jpg]
[themesbrand.com/steex/layouts/assets/libs/glightbox/js/glightbox.min.js]
[themesbrand.com/steex/layouts/assets/libs/fg-emoji-picker/fgEmojiPicker.js]
[themesbrand.com/steex/layouts/apps-chat.html]
[themesbrand.com/steex/layouts/assets/js/pages/chat.init.js]
[themesbrand.com/steex/layouts/assets/images/small/img-2.jpg]
[themesbrand.com/steex/layouts/assets/images/small/img-6.jpg]
[themesbrand.com/steex/layouts/apps-email.html]
[themesbrand.com/steex/layouts/assets/js/pages/mailbox.init.js]
[themesbrand.com/steex/layouts/assets/libs/sweetalert2/sweetalert2.min.css]
[themesbrand.com/steex/layouts/assets/libs/@ckeditor/ckeditor5-build-classic/build/ckeditor.js]
[themesbrand.com/steex/layouts/assets/images/new-document.png]
[themesbrand.com/steex/layouts/assets/libs/sweetalert2/sweetalert2.min.js]
[themesbrand.com/steex/layouts/assets/libs/dropzone/dropzone-min.js]
[themesbrand.com/steex/layouts/apps-ecommerce-products.html]
[themesbrand.com/steex/layouts/assets/js/pages/ecommerce-product-list.init.js]
[themesbrand.com/steex/layouts/assets/libs/nouislider/nouislider.min.css]
[themesbrand.com/steex/layouts/assets/libs/nouislider/nouislider.min.js]
[themesbrand.com/steex/layouts/assets/libs/wnumb/wNumb.min.js]
[themesbrand.com/steex/layouts/apps-ecommerce-products-grid.html]
[themesbrand.com/steex/layouts/assets/js/pages/ecommerce-product-grid-list.init.js]
[themesbrand.com/steex/layouts/assets/images/products/img-7.png]
[themesbrand.com/steex/layouts/assets/images/products/img-8.png]
[themesbrand.com/steex/layouts/assets/images/products/img-10.png]
[themesbrand.com/steex/layouts/assets/libs/rater-js/index.js]
[themesbrand.com/steex/layouts/apps-ecommerce-product-details.html]
[themesbrand.com/steex/layouts/assets/js/pages/ecommerce-product-overview.init.js]
[themesbrand.com/steex/layouts/assets/js/pages/ecommerce-create-product.init.js]
[themesbrand.com/steex/layouts/apps-ecommerce-add-product.html]
[themesbrand.com/steex/layouts/assets/images/users/multi-user.jpg]
[themesbrand.com/steex/layouts/apps-ecommerce-orders.html]
[themesbrand.com/steex/layouts/assets/js/pages/ecommerce-orders.init.js]
[themesbrand.com/steex/layouts/assets/libs/leaflet/leaflet.css]
[themesbrand.com/steex/layouts/assets/libs/leaflet-routing-machine/leaflet-routing-machine.css]
[themesbrand.com/steex/layouts/assets/images/products/32/img-9.png]
[themesbrand.com/steex/layouts/assets/libs/leaflet/leaflet.js]
[themesbrand.com/skote/layouts/assets/js/pages/leaflet-us-states.js]
[themesbrand.com/steex/layouts/assets/libs/leaflet-routing-machine/leaflet-routing-machine.min.js]
[themesbrand.com/steex/layouts/assets/js/pages/ecommerce-order-overview.init.js]
[themesbrand.com/steex/layouts/apps-ecommerce-order-overview.html]
[themesbrand.com/steex/layouts/assets/images/users/user-dummy-img.jpg]
[themesbrand.com/steex/layouts/apps-ecommerce-customers.html]
[themesbrand.com/steex/layouts/assets/js/pages/ecommerce-customer.init.js]
[themesbrand.com/steex/layouts/assets/images/products/48/img-1.png]
[themesbrand.com/steex/layouts/assets/images/products/48/img-3.png]
[themesbrand.com/steex/layouts/assets/images/products/48/img-6.png]
[themesbrand.com/steex/layouts/assets/images/products/48/img-9.png]
[themesbrand.com/steex/layouts/assets/images/products/48/img-2.png]
[themesbrand.com/steex/layouts/apps-ecommerce-cart.html]
[themesbrand.com/steex/layouts/assets/images/mastercard.png]
[themesbrand.com/steex/layouts/assets/images/visa.png]
[themesbrand.com/steex/layouts/assets/libs/card/card.js]
[themesbrand.com/steex/layouts/assets/js/pages/ecommerce-checkout.init.js]
[themesbrand.com/steex/layouts/apps-ecommerce-checkout.html]
[themesbrand.com/steex/layouts/assets/images/companies/img-6.png]
[themesbrand.com/steex/layouts/apps-ecommerce-sellers.html]
[themesbrand.com/steex/layouts/assets/js/pages/ecommerce-sellers.init.js]
[themesbrand.com/steex/layouts/assets/js/pages/ecommerce-sellers-overview.init.js]
[themesbrand.com/steex/layouts/apps-ecommerce-seller-overview.html]
[themesbrand.com/steex/layouts/assets/images/techny-rocket.png]
[themesbrand.com/steex/layouts/assets/images/brands/google-drive.png]
[themesbrand.com/steex/layouts/assets/images/brands/cloud-computing.png]
[themesbrand.com/steex/layouts/assets/js/pages/file-manager.init.js]
[themesbrand.com/steex/layouts/apps-file-manager.html]
[themesbrand.com/steex/layouts/assets/js/pages/learning-list.init.js]
[themesbrand.com/steex/layouts/apps-learning-list.html]
[themesbrand.com/steex/layouts/assets/images/users/32/avatar-4.jpg]
[themesbrand.com/steex/layouts/assets/images/learning/flask.png]
[themesbrand.com/steex/layouts/assets/images/learning/core.png]
[themesbrand.com/steex/layouts/assets/images/users/32/avatar-10.jpg]
[themesbrand.com/steex/layouts/assets/images/learning/mysql.png]
[themesbrand.com/steex/layouts/assets/js/pages/learning-grid.init.js]
[themesbrand.com/steex/layouts/apps-learning-grid.html]
[themesbrand.com/steex/layouts/assets/images/learning/symfony.png]
[themesbrand.com/steex/layouts/assets/js/pages/learning-category.init.js]
[themesbrand.com/steex/layouts/apps-learning-category.html]
[themesbrand.com/steex/layouts/assets/js/pages/learning-overview.init.js]
[themesbrand.com/steex/layouts/apps-learning-overview.html]
[themesbrand.com/steex/layouts/assets/images/success-img.png]
[themesbrand.com/steex/layouts/assets/js/pages/form-editor.init.js]
[themesbrand.com/steex/layouts/assets/js/pages/form-wizard.init.js]
[themesbrand.com/steex/layouts/assets/js/pages/learning-create.init.js]
[themesbrand.com/steex/layouts/apps-learning-create.html]
[themesbrand.com/steex/layouts/assets/js/pages/learning-student-subscriptions.init.js]
[themesbrand.com/steex/layouts/apps-student-subscriptions.html]
[themesbrand.com/steex/layouts/apps-student-courses.html]
[themesbrand.com/steex/layouts/assets/js/pages/learning-instructors-list.init.js]
[themesbrand.com/steex/layouts/apps-instructors-list.html]
[themesbrand.com/steex/layouts/assets/js/pages/learning-instructors-grid.init.js]
[themesbrand.com/steex/layouts/apps-instructors-grid.html]
[themesbrand.com/steex/layouts/assets/images/learning/img-01.jpg]
[themesbrand.com/steex/layouts/apps-instructors-overview.html]
[themesbrand.com/steex/layouts/assets/js/pages/learning-instructor-overview.init.js]
[themesbrand.com/steex/layouts/assets/js/pages/learning-instructor-create.init.js]
[themesbrand.com/steex/layouts/apps-instructors-create.html]
[themesbrand.com/steex/layouts/assets/js/pages/invoice-list.init.js]
[themesbrand.com/steex/layouts/apps-invoices-list.html]
[themesbrand.com/steex/layouts/assets/js/pages/invoice-overview.init.js]
[themesbrand.com/steex/layouts/apps-invoices-overview.html]
[cdnjs.cloudflare.com/ajax/libs/html2pdf.js/0.10.1/html2pdf.bundle.min.js]
[themesbrand.com/steex/layouts/assets/libs/cleave.js/cleave.min.js]
[themesbrand.com/steex/layouts/apps-invoices-create.html]
[themesbrand.com/steex/layouts/assets/js/pages/invoice-create.init.js]
[themesbrand.com/steex/layouts/apps-tickets-list.html]
[themesbrand.com/steex/layouts/assets/js/pages/tickets-list.init.js]
[themesbrand.com/steex/layouts/assets/images/small/img-4.jpg]
[themesbrand.com/steex/layouts/assets/images/small/img-5.jpg]
[themesbrand.com/steex/layouts/apps-tickets-overview.html]
[themesbrand.com/steex/layouts/assets/libs/prismjs/prism.js]
[themesbrand.com/steex/layouts/apps-real-estate-grid.html]
[themesbrand.com/steex/layouts/assets/js/pages/real-estate-grid.init.js]
[themesbrand.com/steex/layouts/assets/js/pages/real-estate-list.init.js]
[themesbrand.com/steex/layouts/apps-real-estate-list.html]
[themesbrand.com/steex/layouts/assets/js/pages/real-estate-list-map.init.js]
[themesbrand.com/steex/layouts/apps-real-estate-map.html]
[themesbrand.com/steex/layouts/assets/images/real-estate/overview-02.jpg]
[themesbrand.com/steex/layouts/assets/images/real-estate/overview-01.jpg]
[themesbrand.com/steex/layouts/assets/images/real-estate/overview-03.jpg]
[themesbrand.com/steex/layouts/assets/js/pages/real-estate-property-overview.init.js]
[themesbrand.com/steex/layouts/apps-real-estate-property-overview.html]
[themesbrand.com/steex/layouts/assets/js/pages/real-estate-agent-list.init.js]
[themesbrand.com/steex/layouts/apps-real-estate-agent-list.html]
[themesbrand.com/steex/layouts/apps-real-estate-agent-grid.html]
[themesbrand.com/steex/layouts/assets/js/pages/real-estate-agent-grid.init.js]
[themesbrand.com/steex/layouts/assets/js/pages/real-estate-agent-overview.init.js]
[themesbrand.com/steex/layouts/apps-real-estate-agent-overview.html]
[themesbrand.com/steex/layouts/apps-real-estate-agencies-list.html]
[themesbrand.com/steex/layouts/assets/js/pages/real-estate-agencies-list.init.js]
[themesbrand.com/steex/layouts/apps-real-estate-agencies-overview.html]
[themesbrand.com/steex/layouts/assets/js/pages/leaflet-us-states.js]
[themesbrand.com/steex/layouts/assets/js/pages/real-estate-add-property.init.js]
[themesbrand.com/steex/layouts/apps-real-estate-add-properties.html]
[themesbrand.com/steex/layouts/assets/js/pages/real-estate-earnings.init.js]
[themesbrand.com/steex/layouts/apps-real-estate-earnings.html]
[themesbrand.com/steex/layouts/auth-pass-change.html]
[themesbrand.com/steex/layouts/auth-lockscreen.html]
[themesbrand.com/steex/layouts/auth-logout.html]
[themesbrand.com/steex/layouts/auth-success-msg.html]
[themesbrand.com/steex/layouts/assets/images/auth/permission.png]
[themesbrand.com/steex/layouts/assets/js/pages/two-step-verification.init.js]
[themesbrand.com/steex/layouts/auth-twostep.html]
[themesbrand.com/steex/layouts/assets/images/auth/404.png]
[themesbrand.com/steex/layouts/auth-404.html]
[themesbrand.com/steex/layouts/assets/images/auth/500.png]
[themesbrand.com/steex/layouts/auth-500.html]
[themesbrand.com/steex/layouts/assets/images/auth/503.png]
[themesbrand.com/steex/layouts/auth-503.html]
[themesbrand.com/steex/layouts/assets/images/auth/offline-page.gif]
[themesbrand.com/steex/layouts/auth-offline.html]
[themesbrand.com/steex/layouts/pages-starter.html]
[themesbrand.com/steex/layouts/assets/images/small/img-10.jpg]
[themesbrand.com/steex/layouts/assets/images/small/img-7.jpg]
[themesbrand.com/steex/layouts/assets/images/small/img-3.jpg]
[themesbrand.com/steex/layouts/assets/images/small/img-9.jpg]
[themesbrand.com/steex/layouts/pages-profile.html]
[themesbrand.com/steex/layouts/assets/js/pages/profile-setting.init.js]
[themesbrand.com/steex/layouts/pages-profile-settings.html]
[themesbrand.com/steex/layouts/pages-contacts.html]
[themesbrand.com/steex/layouts/assets/js/pages/timeline.init.js]
[themesbrand.com/steex/layouts/pages-timeline.html]
[themesbrand.com/steex/layouts/pages-faqs.html]
[themesbrand.com/steex/layouts/pages-pricing.html]
[themesbrand.com/steex/layouts/assets/images/auth/maintenance.png]
[themesbrand.com/steex/layouts/pages-maintenance.html]
[themesbrand.com/steex/layouts/assets/images/comingsoon.png]
[themesbrand.com/steex/layouts/assets/js/pages/coming-soon.init.js]
[themesbrand.com/steex/layouts/pages-coming-soon.html]
[themesbrand.com/steex/layouts/pages-privacy-policy.html]
[themesbrand.com/steex/layouts/ui-alerts.html]
[themesbrand.com/steex/layouts/ui-badges.html]
[themesbrand.com/steex/layouts/ui-buttons.html]
[themesbrand.com/steex/assets/js/app.js]
[themesbrand.com/steex/layouts/ui-colors.html]
[themesbrand.com/steex/layouts/assets/images/small/img-1.jpg]
[themesbrand.com/steex/layouts/assets/images/small/img-12.jpg]
[themesbrand.com/steex/layouts/assets/images/small/img-8.jpg]
[themesbrand.com/steex/layouts/assets/images/small/img-11.jpg]
[themesbrand.com/steex/layouts/assets/libs/masonry-layout/masonry.pkgd.min.js]
[themesbrand.com/steex/layouts/assets/js/pages/card.init.js]
[themesbrand.com/steex/layouts/ui-cards.html]
[themesbrand.com/steex/layouts/ui-carousel.html]
[themesbrand.com/steex/layouts/ui-dropdowns.html]
[themesbrand.com/steex/layouts/ui-grid.html]
[themesbrand.com/steex/layouts/ui-images.html]
[themesbrand.com/steex/layouts/ui-tabs.html]
[themesbrand.com/steex/layouts/ui-accordions.html]
[cdn.lordicon.com/mssddfmo.js]
[themesbrand.com/steex/layouts/assets/js/pages/modal.init.js]
[themesbrand.com/steex/layouts/ui-modals.html]
[themesbrand.com/steex/layouts/ui-offcanvas.html]
[themesbrand.com/steex/layouts/ui-placeholders.html]
[themesbrand.com/steex/layouts/ui-progress.html]
[themesbrand.com/steex/layouts/assets/js/pages/notifications.init.js]
[themesbrand.com/steex/layouts/ui-notifications.html]
[themesbrand.com/steex/layouts/ui-media.html]
[themesbrand.com/steex/layouts/ui-embed-video.html]
[themesbrand.com/steex/layouts/ui-typography.html]
[themesbrand.com/steex/layouts/ui-lists.html]
[themesbrand.com/steex/layouts/ui-links.html]
[themesbrand.com/steex/layouts/ui-general.html]
[themesbrand.com/steex/layouts/ui-utilities.html]
[themesbrand.com/steex/layouts/assets/images/sweetalert2/success-message.png]
[themesbrand.com/steex/layouts/assets/images/sweetalert2/error-message.png]
[themesbrand.com/steex/layouts/assets/images/sweetalert2/warning-message.png]
[themesbrand.com/steex/layouts/assets/images/sweetalert2/join-community.png]
[themesbrand.com/steex/layouts/assets/images/sweetalert2/email-verify.png]
[themesbrand.com/steex/layouts/assets/images/sweetalert2/notification-message.png]
[themesbrand.com/steex/layouts/advance-ui-sweetalerts.html]
[themesbrand.com/steex/layouts/assets/js/pages/sweetalerts.init.js]
[themesbrand.com/steex/layouts/assets/libs/sortablejs/Sortable.min.js]
[themesbrand.com/steex/layouts/assets/js/pages/nestable.init.js]
[themesbrand.com/steex/layouts/advance-ui-nestable.html]
[themesbrand.com/steex/layouts/advance-ui-scrollbar.html]
[themesbrand.com/steex/layouts/advance-ui-swiper.html]
[themesbrand.com/steex/layouts/assets/js/pages/rating.init.js]
[themesbrand.com/steex/layouts/advance-ui-ratings.html]
[themesbrand.com/steex/layouts/advance-ui-highlight.html]
[themesbrand.com/steex/layouts/advance-ui-scrollspy.html]
[themesbrand.com/steex/layouts/ui-ribbons.html]
[themesbrand.com/steex/layouts/ui-profile.html]
[themesbrand.com/steex/layouts/ui-counter.html]
[themesbrand.com/steex/layouts/widgets.html]
[themesbrand.com/steex/layouts/assets/js/pages/widgets.init.js]
[themesbrand.com/steex/layouts/forms-elements.html]
[themesbrand.com/steex/layouts/forms-select.html]
[themesbrand.com/steex/layouts/forms-checkboxs-radios.html]
[themesbrand.com/steex/layouts/assets/libs/@simonwep/pickr/themes/classic.min.css]
[themesbrand.com/steex/layouts/assets/libs/@simonwep/pickr/themes/monolith.min.css]
[themesbrand.com/steex/layouts/assets/libs/@simonwep/pickr/themes/nano.min.css]
[themesbrand.com/steex/layouts/assets/libs/@simonwep/pickr/pickr.min.js]
[themesbrand.com/steex/layouts/assets/js/pages/form-pickers.init.js]
[themesbrand.com/steex/layouts/forms-pickers.html]
[themesbrand.com/steex/layouts/assets/js/pages/form-masks.init.js]
[themesbrand.com/steex/layouts/forms-masks.html]
[themesbrand.com/steex/layouts/assets/libs/multi.js/multi.min.css]
[themesbrand.com/steex/layouts/assets/libs/@tarekraafat/autocomplete.js/css/autoComplete.css]
[themesbrand.com/steex/layouts/assets/libs/multi.js/multi.min.js]
[themesbrand.com/steex/layouts/assets/libs/@tarekraafat/autocomplete.js/autoComplete.min.js]
[themesbrand.com/steex/layouts/assets/js/pages/form-advanced.init.js]
[themesbrand.com/steex/layouts/assets/js/pages/flag-input.init.js]
[themesbrand.com/steex/layouts/forms-advanced.html]
[themesbrand.com/steex/layouts/forms-range-sliders.html]
[themesbrand.com/steex/layouts/assets/js/pages/range-sliders.init.js]
[themesbrand.com/steex/layouts/assets/js/pages/form-validation.init.js]
[themesbrand.com/steex/layouts/forms-validation.html]
[themesbrand.com/steex/layouts/forms-wizard.html]
[themesbrand.com/steex/layouts/forms-editors.html]
[themesbrand.com/steex/layouts/assets/js/pages/form-file-upload.init.js]
[themesbrand.com/steex/layouts/forms-file-uploads.html]
[themesbrand.com/steex/layouts/forms-layouts.html]
[themesbrand.com/steex/layouts/tables-basic.html]
[themesbrand.com/steex/layouts/assets/libs/gridjs/theme/mermaid.min.css]
[themesbrand.com/steex/layouts/assets/libs/gridjs/gridjs.umd.js]
[themesbrand.com/steex/layouts/assets/js/pages/gridjs.init.js]
[themesbrand.com/steex/layouts/tables-gridjs.html]
[themesbrand.com/steex/layouts/assets/js/pages/listjs.init.js]
[themesbrand.com/steex/layouts/tables-listjs.html]
[cdn.datatables.net/1.11.5/css/dataTables.bootstrap5.min.css]
[cdn.datatables.net/responsive/2.2.9/css/responsive.bootstrap.min.css]
[cdn.datatables.net/buttons/2.2.2/css/buttons.dataTables.min.css]
[cdn.datatables.net/1.11.5/js/jquery.dataTables.min.js]
[code.jquery.com/jquery-3.6.0.min.js]
[cdn.datatables.net/1.11.5/js/dataTables.bootstrap5.min.js]
[cdn.datatables.net/responsive/2.2.9/js/dataTables.responsive.min.js]
[cdn.datatables.net/buttons/2.2.2/js/dataTables.buttons.min.js]
[cdn.datatables.net/buttons/2.2.2/js/buttons.print.min.js]
[cdn.datatables.net/buttons/2.2.2/js/buttons.html5.min.js]
[cdnjs.cloudflare.com/ajax/libs/pdfmake/0.1.53/vfs_fonts.js]
[cdnjs.cloudflare.com/ajax/libs/jszip/3.1.3/jszip.min.js]
[cdnjs.cloudflare.com/ajax/libs/pdfmake/0.1.53/pdfmake.min.js]
[themesbrand.com/steex/layouts/assets/js/pages/datatables.init.js]
[themesbrand.com/steex/layouts/tables-datatables.html]
[apexcharts.com/samples/assets/stock-prices.js]
[themesbrand.com/steex/layouts/charts-apex-line.html]
[themesbrand.com/steex/layouts/assets/js/pages/apexcharts-line.init.js]
[themesbrand.com/steex/layouts/assets/libs/moment/moment.js]
[apexcharts.com/samples/assets/github-data.js]
[apexcharts.com/samples/assets/irregular-data-series.js]
[themesbrand.com/steex/layouts/charts-apex-area.html]
[themesbrand.com/steex/layouts/assets/js/pages/apexcharts-area.init.js]
[cdnjs.cloudflare.com/ajax/libs/dayjs/1.11.0/dayjs.min.js]
[cdnjs.cloudflare.com/ajax/libs/dayjs/1.11.0/plugin/quarterOfYear.min.js]
[themesbrand.com/steex/layouts/charts-apex-column.html]
[themesbrand.com/steex/layouts/assets/js/pages/apexcharts-column.init.js]
[themesbrand.com/steex/layouts/assets/js/pages/apexcharts-bar.init.js]
[themesbrand.com/steex/layouts/charts-apex-bar.html]
[themesbrand.com/steex/layouts/assets/js/pages/apexcharts-mixed.init.js]
[themesbrand.com/steex/layouts/charts-apex-mixed.html]
[themesbrand.com/steex/layouts/assets/libs/moment/min/moment.min.js]
[themesbrand.com/steex/layouts/charts-apex-timeline.html]
[themesbrand.com/steex/layouts/assets/js/pages/apexcharts-timeline.init.js]
[themesbrand.com/steex/layouts/assets/js/pages/apexcharts-range-area.init.js]
[themesbrand.com/steex/layouts/charts-apex-range-area.html]
[themesbrand.com/steex/layouts/assets/js/pages/apexcharts-funnel.init.js]
[themesbrand.com/steex/layouts/charts-apex-funnel.html]
[apexcharts.com/samples/assets/ohlc.js]
[cdnjs.cloudflare.com/ajax/libs/dayjs/1.8.17/dayjs.min.js]
[themesbrand.com/steex/layouts/assets/js/pages/apexcharts-candlestick.init.js]
[themesbrand.com/steex/layouts/charts-apex-candlestick.html]
[themesbrand.com/steex/layouts/assets/js/pages/apexcharts-boxplot.init.js]
[themesbrand.com/steex/layouts/charts-apex-boxplot.html]
[themesbrand.com/steex/layouts/assets/js/pages/apexcharts-bubble.init.js]
[themesbrand.com/steex/layouts/charts-apex-bubble.html]
[themesbrand.com/steex/layouts/assets/js/pages/apexcharts-scatter.init.js]
[themesbrand.com/steex/layouts/charts-apex-scatter.html]
[themesbrand.com/steex/layouts/assets/js/pages/apexcharts-heatmap.init.js]
[themesbrand.com/steex/layouts/charts-apex-heatmap.html]
[themesbrand.com/steex/layouts/assets/js/pages/apexcharts-treemap.init.js]
[themesbrand.com/steex/layouts/charts-apex-treemap.html]
[themesbrand.com/steex/layouts/assets/js/pages/apexcharts-pie.init.js]
[themesbrand.com/steex/layouts/charts-apex-pie.html]
[themesbrand.com/steex/layouts/assets/js/pages/apexcharts-radialbar.init.js]
[themesbrand.com/steex/layouts/charts-apex-radialbar.html]
[themesbrand.com/steex/layouts/assets/js/pages/apexcharts-radar.init.js]
[themesbrand.com/steex/layouts/charts-apex-radar.html]
[themesbrand.com/steex/layouts/assets/js/pages/apexcharts-polararea.init.js]
[themesbrand.com/steex/layouts/charts-apex-polar.html]
[themesbrand.com/steex/layouts/icons-remix.html]
[themesbrand.com/steex/layouts/assets/js/pages/remix-icons-listing.js]
[themesbrand.com/steex/layouts/icons-boxicons.html]
[themesbrand.com/steex/layouts/icons-materialdesign.html]
[themesbrand.com/steex/layouts/assets/js/pages/materialdesign.list.js]
[themesbrand.com/steex/layouts/icons-bootstrap.html]
[themesbrand.com/steex/layouts/assets/js/pages/bootstrap-icons.init.js]
[themesbrand.com/steex/layouts/icons-phosphor.html]
[themesbrand.com/steex/layouts/assets/js/pages/phosphor-icons.init.js]
[themesbrand.com/steex/layouts/assets/libs/gmaps/gmaps.min.js]
[themesbrand.com/steex/layouts/assets/js/pages/gmaps.init.js]
[themesbrand.com/steex/layouts/maps-google.html]
[themesbrand.com/steex/layouts/assets/js/pages/vector-maps.init.js]
[themesbrand.com/steex/layouts/maps-vector.html]
[themesbrand.com/steex/layouts/assets/js/pages/leaflet-map.init.js]
[themesbrand.com/steex/layouts/maps-leaflet.html]
[themesbrand.com/steex/layouts/assets/images/flags/spain.svg]
[themesbrand.com/steex/layouts/assets/images/flags/germany.svg]
[themesbrand.com/steex/layouts/assets/images/flags/italy.svg]
[themesbrand.com/steex/layouts/assets/images/flags/russia.svg]
[themesbrand.com/steex/layouts/assets/images/flags/china.svg]
[themesbrand.com/steex/layouts/assets/images/flags/french.svg]
[themesbrand.com/steex/layouts/assets/images/flags/ae.svg]
[themesbrand.com/steex/layouts/assets/libs/jsvectormap/css/jsvectormap.min.css]
[themesbrand.com/steex/layouts/assets/libs/swiper/swiper-bundle.min.css]
[themesbrand.com/steex/layouts/apps-ecommerce-seller-details.html]
[themesbrand.com/steex/layouts/assets/images/effect-pattern/pattern-2.svg]
[themesbrand.com/steex/layouts/assets/libs/dropzone/dropzone.css]
[themesbrand.com/steex/layouts/assets/libs/sweetalert2/sweetalert2.min.css]
[themesbrand.com/steex/layouts/assets/libs/nouislider/nouislider.min.css]
[themesbrand.com/steex/layouts/assets/libs/leaflet/images/layers.png]
[themesbrand.com/steex/layouts/assets/libs/leaflet/images/layers-2x.png]
[themesbrand.com/steex/layouts/assets/libs/leaflet/images/marker-icon.png]
[themesbrand.com/steex/layouts/assets/libs/leaflet/leaflet.css]
[themesbrand.com/steex/layouts/assets/libs/leaflet-routing-machine/leaflet.routing.icons.png]
[themesbrand.com/steex/layouts/assets/libs/leaflet-routing-machine/routing-icon.png]
[themesbrand.com/steex/layouts/assets/libs/leaflet-routing-machine/leaflet-routing-machine.css]
[themesbrand.com/steex/layouts/assets/images/barcode.svg]
[themesbrand.com/steex/layouts/assets/images/invoice-signature.svg]
[themesbrand.com/steex/assets/libs/prismjs/prism.html]
[themesbrand.com/steex/assets/images/users/avatar-2.html]
[themesbrand.com/steex/assets/images/small/img-2.html]
[themesbrand.com/steex/assets/images/users/avatar-1.html]
[themesbrand.com/steex/assets/images/small/img-3.html]
[themesbrand.com/steex/assets/images/users/avatar-3.html]
[themesbrand.com/steex/assets/images/users/avatar-4.html]
[themesbrand.com/steex/assets/images/users/avatar-5.html]
[themesbrand.com/steex/layouts/assets/libs/@simonwep/pickr/themes/classic.min.css]
[themesbrand.com/steex/layouts/assets/libs/@simonwep/pickr/themes/monolith.min.css]
[themesbrand.com/steex/layouts/assets/libs/@simonwep/pickr/themes/nano.min.css]
[themesbrand.com/steex/layouts/assets/libs/multi.js/multi.min.css]
[themesbrand.com/steex/layouts/assets/libs/@tarekraafat/autocomplete.js/css/autoComplete.css]
[themesbrand.com/steex/layouts/assets/libs/gridjs/theme/mermaid.min.css]
[cdn.datatables.net/1.11.5/css/dataTables.bootstrap5.min.css]
[cdn.datatables.net/responsive/2.2.9/css/responsive.bootstrap.min.css]
[cdn.datatables.net/buttons/2.2.2/css/buttons.dataTables.min.css]
[themesbrand.com/steex/layouts/assets/images/svg/crypto-icons/btc.svg]
[themesbrand.com/steex/layouts/assets/images/svg/crypto-icons/eth.svg]
[themesbrand.com/steex/layouts/assets/images/svg/crypto-icons/ltc.svg]
[themesbrand.com/steex/layouts/assets/images/svg/crypto-icons/xmr.svg]
[themesbrand.com/steex/layouts/assets/images/svg/crypto-icons/ant.svg]
[themesbrand.com/steex/layouts/assets/images/svg/crypto-icons/sol.svg]
[themesbrand.com/steex/layouts/assets/images/svg/crypto-icons/fil.svg]
[themesbrand.com/steex/layouts/assets/images/svg/crypto-icons/aave.svg]
[themesbrand.com/steex/layouts/assets/images/svg/crypto-icons/ada.svg]
[themesbrand.com/steex/layouts/assets/libs/@tarekraafat/autocomplete.js/css/images/search.svg]
